
--- base (held-out sites, vs towers) ---
variable                 n       RMSE       bias       r
slhf                116228      61.98 W/m2      3.153   0.694
sshf                117398      63.33 W/m2      4.429   0.781
swvl1                46936    0.07462        -0.00135   0.844
swvl2                80054    0.07288      -0.0001959   0.816
swvl3                48080    0.07295       3.925e-05   0.811
stl1                 95034      3.423          0.2471   0.951
stl2                 90528      2.694       -0.008576   0.961
stl3                 68444       2.24       -0.003692   0.960
Bowen ratio MAE       3829      6.026
EB residual         116109       7.68 W/m2  (rmse 82.8)

--- S1 (held-out sites, vs towers) ---
variable                 n       RMSE       bias       r
slhf                116228      56.02 W/m2      4.088   0.746
sshf                117398      57.65 W/m2      -2.79   0.823
swvl1                46936    0.07462        -0.00135   0.844
swvl2                80054    0.07288      -0.0001959   0.816
swvl3                48080    0.07295       3.925e-05   0.811
stl1                 95034      3.423          0.2471   0.951
stl2                 90528      2.694       -0.008576   0.961
stl3                 68444       2.24       -0.003692   0.960
Bowen ratio MAE       3829      6.189
EB residual         116109      1.335 W/m2  (rmse 75.5)

--- S5 (held-out sites, vs towers) ---
variable                 n       RMSE       bias       r
slhf                116228      56.24 W/m2      5.153   0.745
sshf                117398      58.81 W/m2     -1.392   0.817
swvl1                46936    0.07448       -0.001178   0.844
swvl2                80054    0.07284      -0.0003057   0.816
swvl3                48080     0.0729       7.488e-05   0.812
stl1                 95034      3.465           0.295   0.949
stl2                 90528      2.704        0.001919   0.961
stl3                 68444      2.241       -0.004715   0.960
Bowen ratio MAE       3829      6.995
EB residual         116109      3.786 W/m2  (rmse 76.8)

--- S6 (held-out sites, vs towers) ---
variable                 n       RMSE       bias       r
slhf                116228      56.24 W/m2      4.057   0.743
sshf                117398      58.27 W/m2    -0.8861   0.818
swvl1                46936    0.07165       0.0008787   0.854
swvl2                80054    0.07168      -8.659e-05   0.821
swvl3                48080    0.07237       0.0004559   0.814
stl1                 95034      3.068          0.7301   0.956
stl2                 90528      2.383        -0.06678   0.968
stl3                 68444      2.005        0.009037   0.965
Bowen ratio MAE       3829      6.028
EB residual         116109      3.243 W/m2  (rmse 77.2)
